// Jest Snapshot v1, https://goo.gl/fbAQLP

exports[`AddNote component renders the complete form 1`] = `
<section
  className="AddNote"
>
  <h2>
    Create a note
  </h2>
  <NotefulForm
    onSubmit={[Function]}
  >
    <div
      className="AddBookmark__error"
      role="alert"
    />
    <div
      className="field"
    >
      <label
        htmlFor="note-name-input"
      >
        Name
         
      </label>
      <input
        id="name"
        name="name"
        required={true}
        type="text"
      />
    </div>
    <div
      className="field"
    >
      <label
        htmlFor="note-content-input"
      >
        Content
         
      </label>
      <textarea
        id="content"
        name="content"
        required={true}
      />
    </div>
    <div
      className="field"
    >
      <label
        htmlFor="note-folder-select"
      >
        Folder
         
      </label>
      <select
        id="folderId"
        name="folderId"
        required={true}
      >
        <option
          value={null}
        >
          ...
        </option>
      </select>
    </div>
    <div
      className="buttons"
    >
      <button
        type="submit"
      >
        Add note
      </button>
    </div>
  </NotefulForm>
</section>
`;

exports[`AddNote component renders the select options from folders 1`] = `
<select
  id="note-folder-select"
  name="note-folder-id"
>
  <option
    value={null}
  >
    ...
  </option>
</select>
`;
